Γû▓ Next.js 16.1.6 (Turbopack)
- Environments: .env.local

  Creating an optimized production build ...
Γ£ô Compiled successfully in 92s
  Running TypeScript ...
node.exe : Failed to compile.
At C:\Program 
Files\nodejs\npx.ps1:29 char:3
+   & $NODE_EXE $NPX_CLI_JS $args
+   ~~~~~~~~~~~~~~~~~~~~~~~~~~~~~
    + CategoryInfo          : 
NotSpeci    fied: (Failed to 
compile.:String)     [], 
RemoteException
    + FullyQualifiedErrorId : 
NativeCo    mmandError
 

./supabase/functions/daily-summary/i
ndex.ts:5:23
Type error: Cannot find module 'http
s://deno.land/std@0.168.0/http/serve
r.ts' or its corresponding type 
declarations.

[0m [90m 3 |[39m [90m// Deploy 
with: supabase functions deploy 
daily-summary[39m
 [90m 4 |[39m
[31m[1m>[22m[39m[90m 5 |[39m 
[36mimport[39m { serve } 
[36mfrom[39m [32m"https://deno.la
nd/std@0.168.0/http/server.ts"[39m
 [90m   |[39m                     
  [31m[1m^[22m[39m
 [90m 6 |[39m [36mimport[39m { 
createClient } [36mfrom[39m [32m"
https://esm.sh/@supabase/supabase-js
@2"[39m
 [90m 7 |[39m
 [90m 8 |[39m [36mconst[39m 
[33mRESEND_API_KEY[39m 
[33m=[39m [33mDeno[39m[33m.[39
menv[33m.[39m[36mget[39m([32m"R
ESEND_API_KEY"[39m)[0m
Next.js build worker exited with 
code: 1 and signal: null
